nil
Entering break loop
WARNING:  Inaccurate stack trace.  Use SetDebugMode(true) for accurate stack traces.
Stack trace:
   4 : (functions.StackTrace)[native]
   3 : (#<ref>) <function, 0 args, #<ref>> : 2
   2 : (functions.BreakLoop)[native]
   1 : (functions.Inner) : 0
       0 [arg 0]: 1
   0 : (#<ref>) <function, 0 args, #<ref>> : 3
#2        nil
#2        nil
Exiting break loop
"inner 1"
2
"inner 2"
3
nil
