-> {"seq":1,"type":"request","command":"initialize","arguments":{"clientID":"test","adapterID":"newtonscript"}}
<- {"seq":1,"type":"response","request_seq":1,"success":true,"command":"initialize","body":{"supportsConfigurationDoneRequest":true,"supportsDisassembleRequest":true,"supportsSteppingGranularity":true,"supportsInstructionBreakpoints":true,"exceptionBreakpointFilters":[{"filter":"all","label":"All Exceptions","default":true,"description":"Stop when an exception is thrown, even if the program catches it (breakOnThrows)"}]}}
<- {"seq":2,"type":"event","event":"initialized"}
-> {"seq":2,"type":"request","command":"launch","arguments":{"program":"$DIR/dap_variables.ns"}}
<- {"seq":3,"type":"response","request_seq":2,"success":true,"command":"launch"}
-> {"seq":3,"type":"request","command":"configurationDone"}
<- {"seq":4,"type":"response","request_seq":3,"success":true,"command":"configurationDone"}
<- {"seq":5,"type":"event","event":"output","body":{"category":"stdout","output":"functions.Tally('items=[#<ref>], 'factor=2), 65: Pop\n"}}
<- {"seq":6,"type":"event","event":"stopped","body":{"reason":"pause","threadId":1,"allThreadsStopped":true,"description":"Paused in BreakLoop()"}}
-> {"seq":4,"type":"request","command":"stackTrace","arguments":{"threadId":1}}
<- {"seq":7,"type":"response","request_seq":4,"success":true,"command":"stackTrace","body":{"stackFrames":[{"id":2,"name":"Tally","line":12,"column":1,"source":{"name":"dap_variables.ns","path":"$DIR/dap_variables.ns"},"instructionPointerReference":"0x10041"},{"id":1,"name":"<program>","line":18,"column":1,"source":{"name":"dap_variables.ns","path":"$DIR/dap_variables.ns"},"instructionPointerReference":"0x2000D"}],"totalFrames":2}}
-> {"seq":5,"type":"request","command":"scopes","arguments":{"frameId":2}}
<- {"seq":8,"type":"response","request_seq":5,"success":true,"command":"scopes","body":{"scopes":[{"name":"Arguments","presentationHint":"arguments","variablesReference":1,"expensive":false},{"name":"Locals","presentationHint":"locals","variablesReference":2,"expensive":false}]}}
-> {"seq":6,"type":"request","command":"variables","arguments":{"variablesReference":1}}
<- {"seq":9,"type":"response","request_seq":6,"success":true,"command":"variables","body":{"variables":[{"name":"items","value":"[1, 2, 3]","type":"array","variablesReference":3,"evaluateName":"items","indexedVariables":3},{"name":"factor","value":"2","type":"int","variablesReference":0,"evaluateName":"factor"}]}}
-> {"seq":7,"type":"request","command":"variables","arguments":{"variablesReference":2}}
<- {"seq":10,"type":"response","request_seq":7,"success":true,"command":"variables","body":{"variables":[{"name":"total","value":"12","type":"int","variablesReference":0,"evaluateName":"total"},{"name":"info","value":"{name: \"tally\", tags: [#<ref>], nested: {#<ref>}}","type":"frame","variablesReference":4,"evaluateName":"info"},{"name":"item","value":"3","type":"int","variablesReference":0,"evaluateName":"item"},{"name":"item|iter","value":"nil","type":"nil","variablesReference":0}]}}
-> {"seq":8,"type":"request","command":"variables","arguments":{"variablesReference":3}}
<- {"seq":11,"type":"response","request_seq":8,"success":true,"command":"variables","body":{"variables":[{"name":"[0]","value":"1","type":"int","variablesReference":0,"evaluateName":"items[0]"},{"name":"[1]","value":"2","type":"int","variablesReference":0,"evaluateName":"items[1]"},{"name":"[2]","value":"3","type":"int","variablesReference":0,"evaluateName":"items[2]"}]}}
-> {"seq":9,"type":"request","command":"variables","arguments":{"variablesReference":3,"start":1,"count":1}}
<- {"seq":12,"type":"response","request_seq":9,"success":true,"command":"variables","body":{"variables":[{"name":"[1]","value":"2","type":"int","variablesReference":0,"evaluateName":"items[1]"}]}}
-> {"seq":10,"type":"request","command":"variables","arguments":{"variablesReference":4}}
<- {"seq":13,"type":"response","request_seq":10,"success":true,"command":"variables","body":{"variables":[{"name":"name","value":"\"tally\"","type":"string","variablesReference":0,"evaluateName":"info.name"},{"name":"tags","value":"['a, 'b]","type":"array","variablesReference":5,"evaluateName":"info.tags","indexedVariables":2},{"name":"nested","value":"{deep: {#<ref>}}","type":"frame","variablesReference":6,"evaluateName":"info.nested"}]}}
-> {"seq":11,"type":"request","command":"variables","arguments":{"variablesReference":99}}
<- {"seq":14,"type":"response","request_seq":11,"success":false,"command":"variables","message":"Unknown variablesReference 99"}
-> {"seq":12,"type":"request","command":"scopes","arguments":{"frameId":7}}
<- {"seq":15,"type":"response","request_seq":12,"success":false,"command":"scopes","message":"Unknown stack frame 7"}
-> {"seq":13,"type":"request","command":"continue","arguments":{"threadId":1}}
<- {"seq":16,"type":"response","request_seq":13,"success":true,"command":"continue","body":{"allThreadsContinued":true}}
<- {"seq":17,"type":"event","event":"output","body":{"category":"stdout","output":"12\n"}}
<- {"seq":18,"type":"event","event":"output","body":{"category":"stdout","output":"(#<ref>).Scaled('x=5), 7: BranchIfNotNil 14\n"}}
<- {"seq":19,"type":"event","event":"stopped","body":{"reason":"pause","threadId":1,"allThreadsStopped":true,"description":"Paused in BreakLoop()"}}
-> {"seq":14,"type":"request","command":"stackTrace","arguments":{"threadId":1}}
<- {"seq":20,"type":"response","request_seq":14,"success":true,"command":"stackTrace","body":{"stackFrames":[{"id":2,"name":"counter.Scaled","line":16,"column":1,"source":{"name":"dap_variables.ns","path":"$DIR/dap_variables.ns"},"instructionPointerReference":"0x30007"},{"id":1,"name":"<program>","line":19,"column":1,"source":{"name":"dap_variables.ns","path":"$DIR/dap_variables.ns"},"instructionPointerReference":"0x40005"}],"totalFrames":2}}
-> {"seq":15,"type":"request","command":"scopes","arguments":{"frameId":2}}
<- {"seq":21,"type":"response","request_seq":15,"success":true,"command":"scopes","body":{"scopes":[{"name":"Arguments","presentationHint":"arguments","variablesReference":1,"expensive":false},{"name":"Locals","presentationHint":"locals","variablesReference":2,"expensive":false},{"name":"Stack","variablesReference":3,"expensive":false}]}}
-> {"seq":16,"type":"request","command":"variables","arguments":{"variablesReference":1}}
<- {"seq":22,"type":"response","request_seq":16,"success":true,"command":"variables","body":{"variables":[{"name":"x","value":"5","type":"int","variablesReference":0,"evaluateName":"x"}]}}
-> {"seq":17,"type":"request","command":"variables","arguments":{"variablesReference":2}}
<- {"seq":23,"type":"response","request_seq":17,"success":true,"command":"variables","body":{"variables":[{"name":"self","value":"{count: 3, Scaled: {#<ref>}}","type":"frame","variablesReference":4,"evaluateName":"self"}]}}
-> {"seq":18,"type":"request","command":"variables","arguments":{"variablesReference":3}}
<- {"seq":24,"type":"response","request_seq":18,"success":true,"command":"variables","body":{"variables":[{"name":"top","value":"15","type":"int","variablesReference":0}]}}
-> {"seq":19,"type":"request","command":"continue","arguments":{"threadId":1}}
<- {"seq":25,"type":"response","request_seq":19,"success":true,"command":"continue","body":{"allThreadsContinued":true}}
<- {"seq":26,"type":"event","event":"output","body":{"category":"stdout","output":"15\n"}}
<- {"seq":27,"type":"event","event":"exited","body":{"exitCode":0}}
<- {"seq":28,"type":"event","event":"terminated"}
-> {"seq":20,"type":"request","command":"disconnect"}
<- {"seq":29,"type":"response","request_seq":20,"success":true,"command":"disconnect"}

--- stderr ---
BREAKPOINTS ENABLED
breakOnThrows  = True
printDepth     = 3
printLength    = 50
