-> {"seq":1,"type":"request","command":"initialize","arguments":{"clientID":"test","adapterID":"newtonscript"}}
<- {"seq":1,"type":"response","request_seq":1,"success":true,"command":"initialize","body":{"supportsConfigurationDoneRequest":true,"exceptionBreakpointFilters":[{"filter":"all","label":"All Exceptions","default":true,"description":"Stop when an exception is thrown, even if the program catches it (breakOnThrows)"}]}}
<- {"seq":2,"type":"event","event":"initialized"}
-> {"seq":2,"type":"request","command":"launch","arguments":{"program":"$DIR/dap_listing.ns"}}
<- {"seq":3,"type":"response","request_seq":2,"success":true,"command":"launch"}
-> {"seq":3,"type":"request","command":"configurationDone"}
<- {"seq":4,"type":"response","request_seq":3,"success":true,"command":"configurationDone"}
<- {"seq":5,"type":"event","event":"output","body":{"category":"stdout","output":"functions.Work('x=10), 0: GetVar x\n"}}
<- {"seq":6,"type":"event","event":"stopped","body":{"reason":"breakpoint","threadId":1,"allThreadsStopped":true}}
-> {"seq":4,"type":"request","command":"stackTrace","arguments":{"threadId":1}}
<- {"seq":7,"type":"response","request_seq":4,"success":true,"command":"stackTrace","body":{"stackFrames":[{"id":2,"name":"Work","line":1,"column":1,"source":{"name":"Work.nsbc","path":"Work.nsbc","sourceReference":1}},{"id":1,"name":"<program>","line":3,"column":1,"source":{"name":"program.nsbc","path":"program.nsbc","sourceReference":2}}],"totalFrames":2}}
-> {"seq":5,"type":"request","command":"source","arguments":{"source":{"name":"Work.nsbc","sourceReference":1},"sourceReference":1}}
<- {"seq":8,"type":"response","request_seq":5,"success":true,"command":"source","body":{"content":"    0: GetVar               x\n    1: PushConstant         1\n    2: Push                 'Add\n    3: Call                 2\n    4: SetVar               y\n    5: GetVar               y\n    6: PushConstant         2\n    9: Multiply             2\n   12: Return\n","mimeType":"text/x-newtonscript-bytecode"}}
-> {"seq":6,"type":"request","command":"source","arguments":{"source":{"name":"program.nsbc","sourceReference":2},"sourceReference":2}}
<- {"seq":9,"type":"response","request_seq":6,"success":true,"command":"source","body":{"content":"    0: PushConstant         10\n    3: Push                 'Work\n    4: Call                 1\n    5: Push                 'Print\n    6: Call                 1\n    7: Return\n","mimeType":"text/x-newtonscript-bytecode"}}
-> {"seq":7,"type":"request","command":"setBreakpoints","arguments":{"source":{"name":"Work.nsbc","sourceReference":1},"breakpoints":[{"line":6},{"line":99}]}}
<- {"seq":10,"type":"response","request_seq":7,"success":true,"command":"setBreakpoints","body":{"breakpoints":[{"verified":true,"line":6},{"verified":false,"line":99,"message":"No instruction on this line"}]}}
-> {"seq":8,"type":"request","command":"continue","arguments":{"threadId":1}}
<- {"seq":11,"type":"response","request_seq":8,"success":true,"command":"continue","body":{"allThreadsContinued":true}}
<- {"seq":12,"type":"event","event":"output","body":{"category":"stdout","output":"functions.Work('x=10), 5: GetVar y\n"}}
<- {"seq":13,"type":"event","event":"stopped","body":{"reason":"breakpoint","threadId":1,"allThreadsStopped":true}}
-> {"seq":9,"type":"request","command":"stackTrace","arguments":{"threadId":1,"levels":1}}
<- {"seq":14,"type":"response","request_seq":9,"success":true,"command":"stackTrace","body":{"stackFrames":[{"id":2,"name":"Work","line":6,"column":1,"source":{"name":"Work.nsbc","path":"Work.nsbc","sourceReference":1}}],"totalFrames":2}}
-> {"seq":10,"type":"request","command":"continue","arguments":{"threadId":1}}
<- {"seq":15,"type":"response","request_seq":10,"success":true,"command":"continue","body":{"allThreadsContinued":true}}
<- {"seq":16,"type":"event","event":"output","body":{"category":"stdout","output":"22\n"}}
<- {"seq":17,"type":"event","event":"output","body":{"category":"stdout","output":"functions.Work('x=20), 0: GetVar x\n"}}
<- {"seq":18,"type":"event","event":"stopped","body":{"reason":"breakpoint","threadId":1,"allThreadsStopped":true}}
-> {"seq":11,"type":"request","command":"setBreakpoints","arguments":{"source":{"name":"Work.nsbc","sourceReference":1},"breakpoints":[]}}
<- {"seq":19,"type":"response","request_seq":11,"success":true,"command":"setBreakpoints","body":{"breakpoints":[]}}
-> {"seq":12,"type":"request","command":"continue","arguments":{"threadId":1}}
<- {"seq":20,"type":"response","request_seq":12,"success":true,"command":"continue","body":{"allThreadsContinued":true}}
<- {"seq":21,"type":"event","event":"output","body":{"category":"stdout","output":"42\n"}}
<- {"seq":22,"type":"event","event":"output","body":{"category":"stdout","output":"functions.Work('x=30), 0: GetVar x\n"}}
<- {"seq":23,"type":"event","event":"stopped","body":{"reason":"breakpoint","threadId":1,"allThreadsStopped":true}}
-> {"seq":13,"type":"request","command":"stackTrace","arguments":{"threadId":1,"levels":1}}
<- {"seq":24,"type":"response","request_seq":13,"success":true,"command":"stackTrace","body":{"stackFrames":[{"id":2,"name":"Work","line":1,"column":1,"source":{"name":"Work.nsbc","path":"Work.nsbc","sourceReference":1}}],"totalFrames":2}}
-> {"seq":14,"type":"request","command":"continue","arguments":{"threadId":1}}
<- {"seq":25,"type":"response","request_seq":14,"success":true,"command":"continue","body":{"allThreadsContinued":true}}
<- {"seq":26,"type":"event","event":"output","body":{"category":"stdout","output":"62\n"}}
<- {"seq":27,"type":"event","event":"exited","body":{"exitCode":0}}
<- {"seq":28,"type":"event","event":"terminated"}
-> {"seq":15,"type":"request","command":"source","arguments":{"sourceReference":42}}
<- {"seq":29,"type":"response","request_seq":15,"success":false,"command":"source","message":"Unknown source 42"}
-> {"seq":16,"type":"request","command":"disconnect"}
<- {"seq":30,"type":"response","request_seq":16,"success":true,"command":"disconnect"}

--- stderr ---
BREAKPOINTS ENABLED
breakOnThrows  = True
printDepth     = 3
printLength    = 50
