-> {"seq":1,"type":"request","command":"initialize","arguments":{"clientID":"test","adapterID":"newtonscript","linesStartAt1":true,"pathFormat":"path"}}
<- {"seq":1,"type":"response","request_seq":1,"success":true,"command":"initialize","body":{"supportsConfigurationDoneRequest":true,"exceptionBreakpointFilters":[{"filter":"all","label":"All Exceptions","default":true,"description":"Stop when an exception is thrown, even if the program catches it (breakOnThrows)"}]}}
<- {"seq":2,"type":"event","event":"initialized"}
-> {"seq":2,"type":"request","command":"launch","arguments":{"program":"$DIR/dap_session.ns"}}
<- {"seq":3,"type":"response","request_seq":2,"success":true,"command":"launch"}
-> {"seq":3,"type":"request","command":"setBreakpoints","arguments":{"source":{"path":"$DIR/dap_session.ns"},"breakpoints":[{"line":4}]}}
<- {"seq":4,"type":"response","request_seq":3,"success":true,"command":"setBreakpoints","body":{"breakpoints":[{"verified":false,"line":4,"message":"Breakpoints in source files are not supported yet"}]}}
-> {"seq":4,"type":"request","command":"configurationDone"}
<- {"seq":5,"type":"response","request_seq":4,"success":true,"command":"configurationDone"}
<- {"seq":6,"type":"event","event":"output","body":{"category":"stdout","output":"\"Hello, DAP!\"\n"}}
<- {"seq":7,"type":"event","event":"output","body":{"category":"stdout","output":"{a: 1, \n"}}
<- {"seq":8,"type":"event","event":"output","body":{"category":"stdout","output":" b: [2, 3]}\n"}}
<- {"seq":9,"type":"event","event":"output","body":{"category":"stdout","output":"no newline, the rest"}}
<- {"seq":10,"type":"event","event":"exited","body":{"exitCode":0}}
<- {"seq":11,"type":"event","event":"terminated"}
-> {"seq":5,"type":"request","command":"threads"}
<- {"seq":12,"type":"response","request_seq":5,"success":true,"command":"threads","body":{"threads":[{"id":1,"name":"NewtonScript"}]}}
-> {"seq":6,"type":"request","command":"noSuchRequest"}
<- {"seq":13,"type":"response","request_seq":6,"success":false,"command":"noSuchRequest","message":"Unsupported request \"noSuchRequest\""}
-> {"seq":7,"type":"request","command":"disconnect"}
<- {"seq":14,"type":"response","request_seq":7,"success":true,"command":"disconnect"}

--- stderr ---
BREAKPOINTS ENABLED
breakOnThrows  = True
printDepth     = 3
printLength    = 50
