-> {"seq":1,"type":"request","command":"initialize","arguments":{"clientID":"test","adapterID":"newtonscript"}}
<- {"seq":1,"type":"response","request_seq":1,"success":true,"command":"initialize","body":{"supportsConfigurationDoneRequest":true,"exceptionBreakpointFilters":[{"filter":"all","label":"All Exceptions","default":true,"description":"Stop when an exception is thrown, even if the program catches it (breakOnThrows)"}]}}
<- {"seq":2,"type":"event","event":"initialized"}

--- stderr ---
BREAKPOINTS ENABLED
breakOnThrows  = True
printDepth     = 3
printLength    = 50
