-> {"seq":1,"type":"request","command":"initialize","arguments":{"clientID":"test","adapterID":"newtonscript"}}
<- {"seq":1,"type":"response","request_seq":1,"success":true,"command":"initialize","body":{"supportsConfigurationDoneRequest":true,"supportsDisassembleRequest":true,"supportsSteppingGranularity":true,"supportsInstructionBreakpoints":true,"exceptionBreakpointFilters":[{"filter":"all","label":"All Exceptions","default":true,"description":"Stop when an exception is thrown, even if the program catches it (breakOnThrows)"}]}}
<- {"seq":2,"type":"event","event":"initialized"}
-> {"seq":2,"type":"request","command":"launch","arguments":{"program":"$DIR/fltk_dap_pause.ns"}}
<- {"seq":3,"type":"response","request_seq":2,"success":true,"command":"launch"}
-> {"seq":3,"type":"request","command":"configurationDone"}
<- {"seq":4,"type":"response","request_seq":3,"success":true,"command":"configurationDone"}
<- {"seq":5,"type":"event","event":"output","body":{"category":"stdout","output":"\"waiting for a click\"\n"}}
-> {"seq":4,"type":"request","command":"pause","arguments":{"threadId":1}}
<- {"seq":6,"type":"response","request_seq":4,"success":true,"command":"pause"}
-> {"seq":5,"type":"request","command":"evaluate","arguments":{"expression":"TestWindowClick()","context":"repl"}}
<- {"seq":7,"type":"response","request_seq":5,"success":true,"command":"evaluate","body":{"result":"nil","type":"nil","variablesReference":0}}
<- {"seq":8,"type":"event","event":"output","body":{"category":"stdout","output":"(#<ref>).Clicked(), 0: FindVar 'clicks\n"}}
<- {"seq":9,"type":"event","event":"stopped","body":{"reason":"pause","threadId":1,"allThreadsStopped":true}}
-> {"seq":6,"type":"request","command":"stackTrace","arguments":{"threadId":1,"levels":1}}
<- {"seq":10,"type":"response","request_seq":6,"success":true,"command":"stackTrace","body":{"stackFrames":[{"id":1,"name":"app.Clicked","line":10,"column":1,"source":{"name":"fltk_dap_pause.ns","path":"$DIR/fltk_dap_pause.ns"},"instructionPointerReference":"0x10000"}],"totalFrames":1}}
-> {"seq":7,"type":"request","command":"next","arguments":{"threadId":1}}
<- {"seq":11,"type":"response","request_seq":7,"success":true,"command":"next"}
<- {"seq":12,"type":"event","event":"output","body":{"category":"stdout","output":"(#<ref>).Clicked(), 4: Push \"click \"\n"}}
<- {"seq":13,"type":"event","event":"stopped","body":{"reason":"step","threadId":1,"allThreadsStopped":true}}
-> {"seq":8,"type":"request","command":"stackTrace","arguments":{"threadId":1,"levels":1}}
<- {"seq":14,"type":"response","request_seq":8,"success":true,"command":"stackTrace","body":{"stackFrames":[{"id":1,"name":"app.Clicked","line":11,"column":1,"source":{"name":"fltk_dap_pause.ns","path":"$DIR/fltk_dap_pause.ns"},"instructionPointerReference":"0x10004"}],"totalFrames":1}}
-> {"seq":9,"type":"request","command":"stepOut","arguments":{"threadId":1}}
<- {"seq":15,"type":"response","request_seq":9,"success":true,"command":"stepOut"}
<- {"seq":16,"type":"event","event":"output","body":{"category":"stdout","output":"\"click 1\"\n"}}
-> {"seq":10,"type":"request","command":"evaluate","arguments":{"expression":"TestWindowClick()","context":"repl"}}
<- {"seq":17,"type":"response","request_seq":10,"success":true,"command":"evaluate","body":{"result":"nil","type":"nil","variablesReference":0}}
<- {"seq":18,"type":"event","event":"output","body":{"category":"stdout","output":"\"click 2\"\n"}}
<- {"seq":19,"type":"event","event":"exited","body":{"exitCode":0}}
<- {"seq":20,"type":"event","event":"terminated"}
-> {"seq":11,"type":"request","command":"disconnect"}
<- {"seq":21,"type":"response","request_seq":11,"success":true,"command":"disconnect"}

--- stderr ---
BREAKPOINTS ENABLED
breakOnThrows  = True
printDepth     = 3
printLength    = 50
