['bitmap, 
 {left: 0, top: 0, right: 20, bottom: 6}, 
 'pixels, 
 52, 
 "test"]
["white", "...................."]
"####....#.#.#.#....."
"####.....#.#.#.#...."
"####....#.#.#.#....."
"...................."
"####................"
"####................"
"ViewIntoBitmap:"
"........................"
"........................"
"..####.................."
"..####.................."
"..####.................."
"..####.................."
"........................"
"........................"
"a part of it, elsewhere:"
"........"
".####..."
".####..."
".####..."
".####..."
"........"
"a framed view (8 by 6, frame 2), no srcRect:"
"############.."
"############.."
"##........##.."
"##........##.."
"##........##.."
"##........##.."
"##........##.."
"##........##.."
"############.."
"############.."
["DrawShape(bitmap)", true, nil, true, nil]
["white over the frame: in the bounds only", true, true]
