['bitmap, 
 {left: 0, top: 0, right: 20, bottom: 6}, 
 'pixels, 
 52, 
 "test"]
["white", "...................."]
"####....#.#.#.#....."
"####.....#.#.#.#...."
"####....#.#.#.#....."
"...................."
"####................"
"####................"
"ViewIntoBitmap:"
"........................"
"........................"
"..####.................."
"..####.................."
"..####.................."
"..####.................."
"........................"
"........................"
"a part of it, elsewhere:"
"........"
".####..."
".####..."
".####..."
".####..."
"........"
["DrawShape(bitmap)", true, nil, true, nil]
