BREAKPOINTS ENABLED
breakOnThrows  = True
printDepth     = 3
printLength    = 50
functions.Work(10), 2: Pop
Entering break loop
2
#2        nil
#2        nil
Exiting break loop
functions.Work(10), 3: GetVar [ 3 ]
Entering break loop
3
#2        nil
#2        nil
Exiting break loop
functions.Work(10), 6: Call 2 ['Add(10, 1)]
Entering break loop
6
#2        nil
#2        nil
Exiting break loop
functions.Add(10, 1), 0: GetVar [ 3 ]
Entering break loop
[true, 0]
#2        nil
#2        nil
Exiting break loop
functions.Add(10, 1), 1: GetVar [ 4 ]
Entering break loop
1
#2        nil
#2        nil
Exiting break loop
functions.Work(10), 7: SetVar [ 4 ]
Entering break loop
[true, 7]
#2        nil
#2        nil
Exiting break loop
functions.Work(10), 15: BranchIfNil 26
Entering break loop
true
#2        nil
#2        nil
Exiting break loop
functions.Work(10), 18: GetVar [ 4 ]
Entering break loop
18
#2        nil
#2        nil
#2        nil
Exiting break loop
functions.Work(10), 27: Return
Entering break loop
27
#2        nil
#2        nil
Exiting break loop
<function, 0 args, #<ref>>(), 5: Push 'Print
Entering break loop
nil
#2        nil
#2        nil
Exiting break loop
11
