BREAKPOINTS ENABLED
breakOnThrows  = True
printDepth     = 3
printLength    = 50
"first"
"first"
WARNING: Breakpoint already exists!
2
1
"No such breakpoint exists"
true
functions.Inner(1), 0: Push "inner "
Entering break loop
0
#2        nil
#2        nil
Exiting break loop
"inner 1"
2
true
"inner 2"
3
nil
functions.Inner(3), 0: Push "inner "
Entering break loop
0
#2        nil
#2        nil
Exiting break loop
"inner 3"
4
nil
"inner 4"
5
    !!! Exception: '|evt.ex.fr.type;type.ref|
functions.Throw('evt.ex.fr.type;type.ref, {#<ref>})
Entering break loop
#2        nil
Exiting break loop
"not a function"
    !!! Exception: '|evt.ex.fr.type;type.ref|
functions.Throw('evt.ex.fr.type;type.ref, {#<ref>})
Entering break loop
#2        nil
Exiting break loop
"pc not an integer"
true
